// Jest Snapshot v1, https://goo.gl/fbAQLP

exports[`Matches snapshots 1`] = `
<div
  className="flex flex-wrap justify-center space-y-5 sm:px-56 p-5"
  data-testid="normalSearch"
>
  <div
    className="w-full"
  >
    <a
      href="test.com/results"
      rel="noreferrer"
      target="_blank"
    >
      <p
        className="text-sm"
      >
        test.com/results
      </p>
      <p
        className="text-lg hover:underline text-blue-700"
      >
        Test title
      </p>
    </a>
    <p>
      This is test title
    </p>
  </div>
</div>
`;
